ets Jul 29 2019 12:21:46

rst:0x1 (POWERON_RESET),boot:0x13 (SPI_FAST_FLASH_BOOT)
configsip: 0, SPIWP:0xee
clk_drv:0x00,q_drv:0x00,d_drv:0x00,cs0_drv:0x00,hd_drv:0x00,wp_drv:0x00
mode:DIO, clock div:2
load:0x3fff0030,len:7136
load:0x40078000,len:15780
ho 0 tail 12 room 4
load:0x40080400,len:4
load:0x40080404,len:3884
entry 0x40080650
[0;32mI (31) boot: ESP-IDF v5.2-dev-2383-g82cceabc6e-dirty 2nd stage bootloader[0m
[0;32mI (31) boot: compile time Dec  3 2023 11:50:38[0m
[0;32mI (33) boot: Multicore bootloader[0m
[0;32mI (38) boot: chip revision: v3.0[0m
[0;32mI (41) boot.esp32: SPI Speed      : 40MHz[0m
[0;32mI (46) boot.esp32: SPI Mode       : DIO[0m
[0;32mI (51) boot.esp32: SPI Flash Size : 2MB[0m
[0;32mI (55) boot: Enabling RNG early entropy source...[0m
[0;32mI (61) boot: Partition Table:[0m
[0;32mI (64) boot: ## Label            Usage          Type ST Offset   Length[0m
[0;32mI (71) boot:  0 nvs              WiFi data        01 02 00009000 00006000[0m
[0;32mI (79) boot:  1 phy_init         RF data          01 01 0000f000 00001000[0m
[0;32mI (86) boot:  2 factory          factory app      00 00 00010000 00100000[0m
[0;32mI (94) boot: End of partition table[0m
[0;32mI (98) esp_image: segment 0: paddr=00010020 vaddr=3f400020 size=0c28ch ( 49804) map[0m
[0;32mI (124) esp_image: segment 1: paddr=0001c2b4 vaddr=3ffb0000 size=020f0h (  8432) load[0m
[0;32mI (128) esp_image: segment 2: paddr=0001e3ac vaddr=40080000 size=01c6ch (  7276) load[0m
[0;32mI (133) esp_image: segment 3: paddr=00020020 vaddr=400d0020 size=13a68h ( 80488) map[0m
[0;32mI (168) esp_image: segment 4: paddr=00033a90 vaddr=40081c6c size=0a3e0h ( 41952) load[0m
[0;32mI (192) boot: Loaded app from partition at offset 0x10000[0m
[0;32mI (192) boot: Disabling RNG early entropy source...[0m
[0;32mI (203) cpu_start: Multicore app[0m
[0;32mI (203) cpu_start: Pro cpu up.[0m
[0;32mI (204) cpu_start: Starting app cpu, entry point is 0x40081034[0m
[0;32mI (0) cpu_start: App cpu up.[0m
[0;32mI (221) cpu_start: Pro cpu start user code[0m
[0;32mI (221) cpu_start: cpu freq: 160000000 Hz[0m
[0;32mI (222) cpu_start: Application information:[0m
[0;32mI (226) cpu_start: Project name:     robomaster[0m
[0;32mI (231) cpu_start: App version:      1[0m
[0;32mI (236) cpu_start: Compile time:     Dec  3 2023 11:50:30[0m
[0;32mI (242) cpu_start: ELF file SHA256:  e40513cd8...[0m
[0;32mI (247) cpu_start: ESP-IDF:          v5.2-dev-2383-g82cceabc6e-dirty[0m
[0;32mI (254) cpu_start: Min chip rev:     v0.0[0m
[0;32mI (259) cpu_start: Max chip rev:     v3.99 [0m
[0;32mI (264) cpu_start: Chip rev:         v3.0[0m
[0;32mI (269) heap_init: Initializing. RAM available for dynamic allocation:[0m
[0;32mI (276) heap_init: At 3FFAE6E0 len 00001920 (6 KiB): DRAM[0m
[0;32mI (282) heap_init: At 3FFB2960 len 0002D6A0 (181 KiB): DRAM[0m
[0;32mI (288) heap_init: At 3FFE0440 len 00003AE0 (14 KiB): D/IRAM[0m
[0;32mI (294) heap_init: At 3FFE4350 len 0001BCB0 (111 KiB): D/IRAM[0m
[0;32mI (301) heap_init: At 4008C04C len 00013FB4 (79 KiB): IRAM[0m
[0;32mI (309) spi_flash: detected chip: generic[0m
[0;32mI (312) spi_flash: flash io: dio[0m
[0;33mW (316) spi_flash: Detected size(4096k) larger than the size in the binary image header(2048k). Using the size in the binary image header.[0m
[0;32mI (329) app_start: Starting scheduler on CPU0[0m
[0;32mI (334) app_start: Starting scheduler on CPU1[0m
[0;32mI (334) main_task: Started on CPU0[0m
[0;32mI (344) main_task: Calling app_main()[0m
Entered app_main
Guru Meditation Error: Core  0 panic'ed (LoadProhibited). Exception was unhandled.

Core  0 register dump:
PC      : 0x400d8824  PS      : 0x00060a30  A0      : 0x800d888e  A1      : 0x3ffb1f50  
A2      : 0x3ffb26ec  A3      : 0x00000034  A4      : 0x3ffb4c20  A5      : 0x0000000c  
A6      : 0x3ffb2934  A7      : 0xb33fffff  A8      : 0x800d8824  A9      : 0x3ffb1f30  
A10     : 0x00000000  A11     : 0x3ffb1f6c  A12     : 0x000000ff  A13     : 0x0000ff00  
A14     : 0x00ff0000  A15     : 0xff000000  SAR     : 0x00000004  EXCCAUSE: 0x0000001c  
EXCVADDR: 0x00000098  LBEG    : 0x400014fd  LEND    : 0x4000150d  LCOUNT  : 0xfffffffc  


Backtrace: 0x400d8821:0x3ffb1f50 0x400d888b:0x3ffb1f90 0x400d51ba:0x3ffb1fb0 0x400e3268:0x3ffb4c60 0x40087c19:0x3ffb4c90




ELF file SHA256: ï¿½

Rebooting...
ets Jul 29 2019 12:21:46

rst:0xc (SW_CPU_RESET),boot:0x13 (SPI_FAST_FLASH_BOOT)
configsip: 0, SPIWP:0xee
clk_drv:0x00,q_drv:0x00,d_drv:0x00,cs0_drv:0x00,hd_drv:0x00,wp_drv:0x00
mode:DIO, clock div:2
load:0x3fff0030,len:7136
load:0x40078000,len:15780
ho 0 tail 12 room 4
load:0x40080400,len:4
load:0x40080404,len:3884
entry 0x40080650
[0;32mI (31) boot: ESP-IDF v5.2-dev-2383-g82cceabc6e-dirty 2nd stage bootloader[0m
[0;32mI (31) boot: compile time Dec  3 2023 11:50:38[0m
[0;32mI (33) boot: Multicore bootloader[0m
[0;32mI (37) boot: chip revision: v3.0[0m
[0;32mI (41) boot.esp32: SPI Speed      : 40MHz[0m
[0;32mI (46) boot.esp32: SPI Mode       : DIO[0m
[0;32mI (50) boot.esp32: SPI Flash Size : 2MB[0m
[0;32mI (55) boot: Enabling RNG early entropy source...[0m
[0;32mI (60) boot: Partition Table:[0m
[0;32mI (64) boot: ## Label            Usage          Type ST Offset   Length[0m
[0;32mI (71) boot:  0 nvs              WiFi data        01 02 00009000 00006000[0m
[0;32mI (79) boot:  1 phy_init         RF data          01 01 0000f000 00001000[0m
[0;32mI (86) boot:  2 factory          factory app      00 00 00010000 00100000[0m
[0;32mI (94) boot: End of partition table[0m
[0;32mI (98) esp_image: segment 0: paddr=00010020 vaddr=3f400020 size=0c28ch ( 49804) map[0m
[0;32mI (124) esp_image: segment 1: paddr=0001c2b4 vaddr=3ffb0000 size=020f0h (  8432) load[0m
[0;32mI (128) esp_image: segment 2: paddr=0001e3ac vaddr=40080000 size=01c6ch (  7276) load[0m
[0;32mI (133) esp_image: segment 3: paddr=00020020 vaddr=400d0020 size=13a68h ( 80488) map[0m
[0;32mI (168) esp_image: segment 4: paddr=00033a90 vaddr=40081c6c size=0a3e0h ( 41952) load[0m
[0;32mI (191) boot: Loaded app from partition at offset 0x10000[0m
[0;32mI (192) boot: Disabling RNG early entropy source...[0m
[0;32mI (203) cpu_start: Multicore app[0m
[0;32mI (203) cpu_start: Pro cpu up.[0m
[0;32mI (204) cpu_start: Starting app cpu, entry point is 0x40081034[0m
[0;32mI (191) cpu_start: App cpu up.[0m
[0;32mI (221) cpu_start: Pro cpu start user code[0m
[0;32mI (222) cpu_start: cpu freq: 160000000 Hz[0m
[0;32mI (222) cpu_start: Application information:[0m
[0;32mI (226) cpu_start: Project name:     robomaster[0m
[0;32mI (232) cpu_start: App version:      1[0m
[0;32mI (236) cpu_start: Compile time:     Dec  3 2023 11:50:30[0m
[0;32mI (242) cpu_start: ELF file SHA256:  e40513cd8...[0m
[0;32mI (247) cpu_start: ESP-IDF:          v5.2-dev-2383-g82cceabc6e-dirty[0m
[0;32mI (254) cpu_start: Min chip rev:     v0.0[0m
[0;32mI (259) cpu_start: Max chip rev:     v3.99 [0m
[0;32mI (264) cpu_start: Chip rev:         v3.0[0m
[0;32mI (269) heap_init: Initializing. RAM available for dynamic allocation:[0m
[0;32mI (276) heap_init: At 3FFAE6E0 len 00001920 (6 KiB): DRAM[0m
[0;32mI (282) heap_init: At 3FFB2960 len 0002D6A0 (181 KiB): DRAM[0m
[0;32mI (288) heap_init: At 3FFE0440 len 00003AE0 (14 KiB): D/IRAM[0m
[0;32mI (295) heap_init: At 3FFE4350 len 0001BCB0 (111 KiB): D/IRAM[0m
[0;32mI (301) heap_init: At 4008C04C len 00013FB4 (79 KiB): IRAM[0m
[0;32mI (309) spi_flash: detected chip: generic[0m
[0;32mI (312) spi_flash: flash io: dio[0m
[0;33mW (316) spi_flash: Detected size(4096k) larger than the size in the binary image header(2048k). Using the size in the binary image header.[0m
[0;32mI (329) app_start: Starting scheduler on CPU0[0m
[0;32mI (334) app_start: Starting scheduler on CPU1[0m
[0;32mI (334) main_task: Started on CPU0[0m
[0;32mI (344) main_task: Calling app_main()[0m
Entered app_main
Guru Meditation Error: Core  0 panic'ed (LoadProhibited). Exception was unhandled.

Core  0 register dump:
PC      : 0x400d8824  PS      : 0x00060a30  A0      : 0x800d888e  A1      : 0x3ffb1f50  
A2      : 0x3ffb26ec  A3      : 0x00000034  A4      : 0x3ffb4c20  A5      : 0x0000000c  
A6      : 0x3ffb2934  A7      : 0xb33fffff  A8      : 0x800d8824  A9      : 0x3ffb1f30  
A10     : 0x00000000  A11     : 0x3ffb1f6c  A12     : 0x000000ff  A13     : 0x0000ff00  
A14     : 0x00ff0000  A15     : 0xff000000  SAR     : 0x00000004  EXCCAUSE: 0x0000001c  
EXCVADDR: 0x00000098  LBEG    : 0x400014fd  LEND    : 0x4000150d  LCOUNT  : 0xfffffffc  


Backtrace: 0x400d8821:0x3ffb1f50 0x400d888b:0x3ffb1f90 0x400d51ba:0x3ffb1fb0 0x400e3268:0x3ffb4c60 0x40087c19:0x3ffb4c90




ELF file SHA256: ï¿½

Rebooting...
ets Jul 29 2019 12:21:46

rst:0xc (SW_CPU_RESET),boot:0x13 (SPI_FAST_FLASH_BOOT)
configsip: 0, SPIWP:0xee
clk_drv:0x00,q_drv:0x00,d_drv:0x00,cs0_drv:0x00,hd_drv:0x00,wp_drv:0x00
mode:DIO, clock div:2
load:0x3fff0030,len:7136
load:0x40078000,len:15780
ho 0 tail 12 room 4
load:0x40080400,len:4
load:0x40080404,len:3884
entry 0x40080650
[0;32mI (31) boot: ESP-IDF v5.2-dev-2383-g82cceabc6e-dirty 2nd stage bootloader[0m
[0;32mI (31) boot: compile time Dec  3 2023 11:50:38[0m
[0;32mI (33) boot: Multicore bootloader[0m
[0;32mI (37) boot: chip revision: v3.0[0m
[0;32mI (41) boot.esp32: SPI Speed      : 40MHz[0m
[0;32mI (46) boot.esp32: SPI Mode       : DIO[0m
[0;32mI (50) boot.esp32: SPI Flash Size : 2MB[0m
[0;32mI (55) boot: Enabling RNG early entropy source...[0m
[0;32mI (60) boot: Partition Table:[0m
[0;32mI (64) boot: ## Label            Usage          Type ST Offset   Length[0m
[0;32mI (71) boot:  0 nvs              WiFi data        01 02 00009000 00006000[0m
[0;32mI (79) boot:  1 phy_init         RF data          01 01 0000f000 00001000[0m
[0;32mI (86) boot:  2 factory          factory app      00 00 00010000 00100000[0m
[0;32mI (94) boot: End of partition table[0m
[0;32mI (98) esp_image: segment 0: paddr=00010020 vaddr=3f400020 size=0c28ch ( 49804) map[0m
[0;32mI (124) esp_image: segment 1: paddr=0001c2b4 vaddr=3ffb0000 size=020f0h (  8432) load[0m
[0;32mI (128) esp_image: segment 2: paddr=0001e3ac vaddr=40080000 size=01c6ch (  7276) load[0m
[0;32mI (133) esp_image: segment 3: paddr=00020020 vaddr=400d0020 size=13a68h ( 80488) map[0m
[0;32mI (168) esp_image: segment 4: paddr=00033a90 vaddr=40081c6c size=0a3e0h ( 41952) load[0m
[0;32mI (191) boot: Loaded app from partition at offset 0x10000[0m
[0;32mI (192) boot: Disabling RNG early entropy source...[0m
[0;32mI (203) cpu_start: Multicore app[0m
[0;32mI (203) cpu_start: Pro cpu up.[0m
[0;32mI (203) cpu_start: Starting app cpu, entry point is 0x40081034[0m
[0;32mI (191) cpu_start: App cpu up.[0m
[0;32mI (221) cpu_start: Pro cpu start user code[0m
[0;32mI (222) cpu_start: cpu freq: 160000000 Hz[0m
[0;32mI (222) cpu_start: Application information:[0m
[0;32mI (226) cpu_start: Project name:     robomaster[0m
[0;32mI (232) cpu_start: App version:      1[0m
[0;32mI (236) cpu_start: Compile time:     Dec  3 2023 11:50:30[0m
[0;32mI (242) cpu_start: ELF file SHA256:  e40513cd8...[0m
[0;32mI (247) cpu_start: ESP-IDF:          v5.2-dev-2383-g82cceabc6e-dirty[0m
[0;32mI (254) cpu_start: Min chip rev:     v0.0[0m
[0;32mI (259) cpu_start: Max chip rev:     v3.99 [0m
[0;32mI (264) cpu_start: Chip rev:         v3.0[0m
[0;32mI (269) heap_init: Initializing. RAM available for dynamic allocation:[0m
[0;32mI (276) heap_init: At 3FFAE6E0 len 00001920 (6 KiB): DRAM[0m
[0;32mI (282) heap_init: At 3FFB2960 len 0002D6A0 (181 KiB): DRAM[0m
[0;32mI (288) heap_init: At 3FFE0440 len 00003AE0 (14 KiB): D/IRAM[0m
[0;32mI (295) heap_init: At 3FFE4350 len 0001BCB0 (111 KiB): D/IRAM[0m
[0;32mI (301) heap_init: At 4008C04C len 00013FB4 (79 KiB): IRAM[0m
[0;32mI (309) spi_flash: detected chip: generic[0m
[0;32mI (312) spi_flash: flash io: dio[0m
[0;33mW (316) spi_flash: Detected size(4096k) larger than the size in the binary image header(2048k). Using the size in the binary image header.[0m
[0;32mI (329) app_start: Starting scheduler on CPU0[0m
[0;32mI (334) app_start: Starting scheduler on CPU1[0m
[0;32mI (334) main_task: Started on CPU0[0m
[0;32mI (344) main_task: Calling app_main()[0m
Entered app_main
Guru Meditation Error: Core  0 panic'ed (LoadProhibited). Exception was unhandled.

Core  0 register dump:
PC      : 0x400d8824  PS      : 0x00060a30  A0      : 0x800d888e  A1      : 0x3ffb1f50  
A2      : 0x3ffb26ec  A3      : 0x00000034  A4      : 0x3ffb4c20  A5      : 0x0000000c  
A6      : 0x3ffb2934  A7      : 0xb33fffff  A8      : 0x800d8824  A9      : 0x3ffb1f30  
A10     : 0x00000000  A11     : 0x3ffb1f6c  A12     : 0x000000ff  A13     : 0x0000ff00  
A14     : 0x00ff0000  A15     : 0xff000000  SAR     : 0x00000004  EXCCAUSE: 0x0000001c  
EXCVADDR: 0x00000098  LBEG    : 0x400014fd  LEND    : 0x4000150d  LCOUNT  : 0xfffffffc  


Backtrace: 0x400d8821:0x3ffb1f50 0x400d888b:0x3ffb1f90 0x400d51ba:0x3ffb1fb0 0x400e3268:0x3ffb4c60 0x40087c19:0x3ffb4c90




ELF file SHA256: ï¿½

Rebooting...
ets Jul 29 2019 12:21:46

rst:0xc (SW_CPU_RESET),boot:0x13 (SPI_FAST_FLASH_BOOT)
configsip: 0, SPIWP:0xee
clk_drv:0x00,q_drv:0x00,d_drv:0x00,cs0_drv:0x00,hd_drv:0x00,wp_drv:0x00
mode:DIO, clock div:2
load:0x3fff0030,len:7136
load:0x40078000,len:15780
ho 0 tail 12 room 4
load:0x40080400,len:4
load:0x40080404,len:3884
entry 0x40080650
[0;32mI (31) boot: ESP-IDF v5.2-dev-2383-g82cceabc6e-dirty 2nd stage bootloader[0m
[0;32mI (31) boot: compile time Dec  3 2023 11:50:38[0m
[0;32mI (33) boot: Multicore bootloader[0m
[0;32mI (37) boot: chip revision: v3.0[0m
[0;32mI (41) boot.esp32: SPI Speed      : 40MHz[0m
[0;32mI (46) boot.esp32: SPI Mode       : DIO[0m
[0;32mI (50) boot.esp32: SPI Flash Size : 2MB[0m
[0;32mI (55) boot: Enabling RNG early entropy source...[0m
[0;32mI (60) boot: Partition Table:[0m
[0;32mI (64) boot: ## Label            Usage          Type ST Offset   Length[0m
[0;32mI (71) boot:  0 nvs              WiFi data        01 02 00009000 00006000[0m
[0;32mI (79) boot:  1 phy_init         RF data          01 01 0000f000 00001000[0m
[0;32mI (86) boot:  2 factory          factory app      00 00 00010000 00100000[0m
[0;32mI (94) boot: End of partition table[0m
[0;32mI (98) esp_image: segment 0: paddr=00010020 vaddr=3f400020 size=0c28ch ( 49804) map[0m
[0;32mI (124) esp_image: segment 1: paddr=0001c2b4 vaddr=3ffb0000 size=020f0h (  8432) load[0m
[0;32mI (128) esp_image: segment 2: paddr=0001e3ac vaddr=40080000 size=01c6ch (  7276) load[0m
[0;32mI (133) esp_image: segment 3: paddr=00020020 vaddr=400d0020 size=13a68h ( 80488) map[0m
[0;32mI (168) esp_image: segment 4: paddr=00033a90 vaddr=40081c6c size=0a3e0h ( 41952) load[0m
[0;32mI (191) boot: Loaded app from partition at offset 0x10000[0m
[0;32mI (192) boot: Disabling RNG early entropy source...[0m
[0;32mI (203) cpu_start: Multicore app[0m
[0;32mI (203) cpu_start: Pro cpu up.[0m
[0;32mI (204) cpu_start: Starting app cpu, entry point is 0x40081034[0m
[0;32mI (191) cpu_start: App cpu up.[0m
[0;32mI (221) cpu_start: Pro cpu start user code[0m
[0;32mI (222) cpu_start: cpu freq: 160000000 Hz[0m
[0;32mI (222) cpu_start: Application information:[0m
[0;32mI (226) cpu_start: Project name:     robomaster[0m
[0;32mI (232) cpu_start: App version:      1[0m
[0;32mI (236) cpu_start: Compile time:     Dec  3 2023 11:50:30[0m
[0;32mI (242) cpu_start: ELF file SHA256:  e40513cd8...[0m
[0;32mI (247) cpu_start: ESP-IDF:          v5.2-dev-2383-g82cceabc6e-dirty[0m
[0;32mI (254) cpu_start: Min chip rev:     v0.0[0m
[0;32mI (259) cpu_start: Max chip rev:     v3.99 [0m
[0;32mI (264) cpu_start: Chip rev:         v3.0[0m
[0;32mI (269) heap_init: Initializing. RAM available for dynamic allocation:[0m
[0;32mI (276) heap_init: At 3FFAE6E0 len 00001920 (6 KiB): DRAM[0m
[0;32mI (282) heap_init: At 3FFB2960 len 0002D6A0 (181 KiB): DRAM[0m
[0;32mI (288) heap_init: At 3FFE0440 len 00003AE0 (14 KiB): D/IRAM[0m
[0;32mI (295) heap_init: At 3FFE4350 len 0001BCB0 (111 KiB): D/IRAM[0m
[0;32mI (301) heap_init: At 4008C04C len 00013FB4 (79 KiB): IRAM[0m
[0;32mI (309) spi_flash: detected chip: generic[0m
[0;32mI (312) spi_flash: flash io: dio[0m
[0;33mW (316) spi_flash: Detected size(4096k) larger than the size in the binary image header(2048k). Using the size in the binary image header.[0m
[0;32mI (329) app_start: Starting scheduler on CPU0[0m
[0;32mI (334) app_start: Starting scheduler on CPU1[0m
[0;32mI (334) main_task: Started on CPU0[0m
[0;32mI (344) main_task: Calling app_main()[0m
Entered app_main
Guru Meditation Error: Core  0 panic'ed (LoadProhibited). Exception was unhandled.

Core  0 register dump:
PC      : 0x400d8824  PS      : 0x00060a30  A0      : 0x800d888e  A1      : 0x3ffb1f50  
A2      : 0x3ffb26ec  A3      : 0x00000034  A4      : 0x3ffb4c20  A5      : 0x0000000c  
A6      : 0x3ffb2934  A7      : 0xb33fffff  A8      : 0x800d8824  A9      : 0x3ffb1f30  
A10     : 0x00000000  A11     : 0x3ffb1f6c  A12     : 0x000000ff  A13     : 0x0000ff00  
A14     : 0x00ff0000  A15     : 0xff000000  SAR     : 0x00000004  EXCCAUSE: 0x0000001c  
EXCVADDR: 0x00000098  LBEG    : 0x400014fd  LEND    : 0x4000150d  LCOUNT  : 0xfffffffc  


Backtrace: 0x400d8821:0x3ffb1f50 0x400d888b:0x3ffb1f90 0x400d51ba:0x3ffb1fb0 0x400e3268:0x3ffb4c60 0x40087c19:0x3ffb4c90




ELF file SHA256: ï¿½

Rebooting...
ets Jul 29 2019 12:21:46

rst:0xc (SW_CPU_RESET),boot:0x13 (SPI_FAST_FLASH_BOOT)
configsip: 0, SPIWP:0xee
clk_drv:0x00,q_drv:0x00,d_drv:0x00,cs0_drv:0x00,hd_drv:0x00,wp_drv:0x00
mode:DIO, clock div:2
load:0x3fff0030,len:7136
load:0x40078000,len:15780
ho 0 tail 12 room 4
load:0x40080400,len:4
load:0x40080404,len:3884
entry 0x40080650
[0;32mI (31) boot: ESP-IDF v5.2-dev-2383-g82cceabc6e-dirty 2nd stage bootloader[0m
[0;32mI (31) boot: compile time Dec  3 2023 11:50:38[0m
[0;32mI (33) boot: Multicore bootloader[0m
[0;32mI (37) boot: chip revision: v3.0[0m
[0;32mI (41) boot.esp32: SPI Speed      : 40MHz[0m
[0;32mI (46) boot.esp32: SPI Mode       : DIO[0m
[0;32mI (50) boot.esp32: SPI Flash Size : 2MB[0m
[0;32mI (55) boot: Enabling RNG early entropy source...[0m
[0;32mI (60) boot: Partition Table:[0m
[0;32mI (64) boot: ## Label            Usage          Type ST Offset   Length[0m
[0;32mI (71) boot:  0 nvs              WiFi data        01 02 00009000 00006000[0m
[0;32mI (79) boot:  1 phy_init         RF data          01 01 0000f000 00001000[0m
[0;32mI (86) boot:  2 factory          factory app      00 00 00010000 00100000[0m
[0;32mI (94) boot: End of partition table[0m
[0;32mI (98) esp_image: segment 0: paddr=00010020 vaddr=3f400020 size=0c28ch ( 49804) map[0m
[0;32mI (124) esp_image: segment 1: paddr=0001c2b4 vaddr=3ffb0000 size=020f0h (  8432) load[0m
[0;32mI (128) esp_image: segment 2: paddr=0001e3ac vaddr=40080000 size=01c6ch (  7276) load[0m
[0;32mI (133) esp_image: segment 3: paddr=00020020 vaddr=400d0020 size=13a68h ( 80488) map[0m
[0;32mI (168) esp_image: segment 4: paddr=00033a90 vaddr=40081c6c size=0a3e0h ( 41952) load[0m
[0;32mI (191) boot: Loaded app from partition at offset 0x10000[0m
[0;32mI (192) boot: Disabling RNG early entropy source...[0m
[0;32mI (203) cpu_start: Multicore app[0m
[0;32mI (203) cpu_start: Pro cpu up.[0m
[0;32mI (204) cpu_start: Starting app cpu, entry point is 0x40081034[0m
[0;32mI (191) cpu_start: App cpu up.[0m
[0;32mI (221) cpu_start: Pro cpu start user code[0m
[0;32mI (222) cpu_start: cpu freq: 160000000 Hz[0m
[0;32mI (222) cpu_start: Application information:[0m
[0;32mI (226) cpu_start: Project name:     robomaster[0m
[0;32mI (232) cpu_start: App version:      1[0m
[0;32mI (236) cpu_start: Compile time:     Dec  3 2023 11:50:30[0m
[0;32mI (242) cpu_start: ELF file SHA256:  e40513cd8...[0m
[0;32mI (247) cpu_start: ESP-IDF:          v5.2-dev-2383-g82cceabc6e-dirty[0m
[0;32mI (254) cpu_start: Min chip rev:     v0.0[0m
[0;32mI (259) cpu_start: Max chip rev:     v3.99 [0m
[0;32mI (264) cpu_start: Chip rev:         v3.0[0m
[0;32mI (269) heap_init: Initializing. RAM available for dynamic allocation:[0m
[0;32mI (276) heap_init: At 3FFAE6E0 len 00001920 (6 KiB): DRAM[0m
[0;32mI (282) heap_init: At 3FFB2960 len 0002D6A0 (181 KiB): DRAM[0m
[0;32mI (288) heap_init: At 3FFE0440 len 00003AE0 (14 KiB): D/IRAM[0m
[0;32mI (295) heap_init: At 3FFE4350 len 0001BCB0 (111 KiB): D/IRAM[0m
[0;32mI (301) heap_init: At 4008C04C len 00013FB4 (79 KiB): IRAM[0m
[0;32mI (309) spi_flash: detected chip: generic[0m
[0;32mI (312) spi_flash: flash io: dio[0m
[0;33mW (316) spi_flash: Detected size(4096k) larger than the size in the binary image header(2048k). Using the size in the binary image header.[0m
[0;32mI (329) app_start: Starting scheduler on CPU0[0m
[0;32mI (334) app_start: Starting scheduler on CPU1[0m
[0;32mI (334) main_task: Started on CPU0[0m
[0;32mI (344) main_task: Calling app_main()[0m
Entered app_main
Guru Meditation Error: Core  0 panic'ed (LoadProhibited). Exception was unhandled.

Core  0 register dump:
PC      : 0x400d8824  PS      : 0x00060a30  A0      : 0x800d888e  A1      : 0x3ffb1f50  
A2      : 0x3ffb26ec  A3      : 0x00000034  A4      : 0x3ffb4c20  A5      : 0x0000000c  
A6      : 0x3ffb2934  A7      : 0xb33fffff  A8      : 0x800d8824  A9      : 0x3ffb1f30  
A10     : 0x00000000  A11     : 0x3ffb1f6c  A12     : 0x000000ff  A13     : 0x0000ff00  
A14     : 0x00ff0000  A15     : 0xff000000  SAR     : 0x00000004  EXCCAUSE: 0x0000001c  
EXCVADDR: 0x00000098  LBEG    : 0x400014fd  LEND    : 0x4000150d  LCOUNT  : 0xfffffffc  


Backtrace: 0x400d8821:0x3ffb1f50 0x400d888b:0x3ffb1f90 0x400d51ba:0x3ffb1fb0 0x400e3268:0x3ffb4c60 0x40087c19:0x3ffb4c90




ELF file SHA256: ï¿½

Rebooting...
ets Jul 29 2019 12:21:46

rst:0xc (SW_CPU_RESET),boot:0x13 (SPI_FAST_FLASH_BOOT)
configsip: 0, SPIWP:0xee
clk_drv:0x00,q_drv:0x00,d_drv:0x00,cs0_drv:0x00,hd_drv:0x00,wp_drv:0x00
mode:DIO, clock div:2
load:0x3fff0030,len:7136
load:0x40078000,len:15780
ho 0 tail 12 room 4
load:0x40080400,len:4
load:0x40080404,len:3884
entry 0x40080650
[0;32mI (31) boot: ESP-IDF v5.2-dev-2383-g82cceabc6e-dirty 2nd stage bootloader[0m
[0;32mI (31) boot: compile time Dec  3 2023 11:50:38[0m
[0;32mI (33) boot: Multicore bootloader[0m
[0;32mI (37) boot: chip revision: v3.0[0m
[0;32mI (41) boot.esp32: SPI Speed      : 40MHz[0m
[0;32mI (46) boot.esp32: SPI Mode       : DIO[0m
[0;32mI (50) boot.esp32: SPI Flash Size : 2MB[0m
[0;32mI (55) boot: Enabling RNG early entropy source...[0m
[0;32mI (60) boot: Partition Table:[0m
[0;32mI (64) boot: ## Label            Usage          Type ST Offset   Length[0m
[0;32mI (71) boot:  0 nvs              WiFi data        01 02 00009000 00006000[0m
[0;32mI (79) boot:  1 phy_init         RF data          01 01 0000f000 00001000[0m
[0;32mI (86) boot:  2 factory          factory app      00 00 00010000 00100000[0m
[0;32mI (94) boot: End of partition table[0m
[0;32mI (98) esp_image: segment 0: paddr=00010020 vaddr=3f400020 size=0c28ch ( 49804) map[0m
[0;32mI (124) esp_image: segment 1: paddr=0001c2b4 vaddr=3ffb0000 size=020f0h (  8432) load[0m
[0;32mI (128) esp_image: segment 2: paddr=0001e3ac vaddr=40080000 size=01c6ch (  7276) load[0m
[0;32mI (133) esp_image: segment 3: paddr=00020020 vaddr=400d0020 size=13a68h ( 80488) map[0m
[0;32mI (168) esp_image: segment 4: paddr=00033a90 vaddr=40081c6c size=0a3e0h ( 41952) load[0m
[0;32mI (191) boot: Loaded app from partition at offset 0x10000[0m
[0;32mI (192) boot: Disabling RNG early entropy source...[0m
[0;32mI (203) cpu_start: Multicore app[0m
[0;32mI (203) cpu_start: Pro cpu up.[0m
[0;32mI (204) cpu_start: Starting app cpu, entry point is 0x40081034[0m
[0;32mI (191) cpu_start: App cpu up.[0m
[0;32mI (221) cpu_start: Pro cpu start user code[0m
[0;32mI (222) cpu_start: cpu freq: 160000000 Hz[0m
[0;32mI (222) cpu_start: Application information:[0m
[0;32mI (226) cpu_start: Project name:     robomaster[0m
[0;32mI (232) cpu_start: App version:      1[0m
[0;32mI (236) cpu_start: Compile time:     Dec  3 2023 11:50:30[0m
[0;32mI (242) cpu_start: ELF file SHA256:  e40513cd8...[0m
[0;32mI (247) cpu_start: ESP-IDF:          v5.2-dev-2383-g82cceabc6e-dirty[0m
[0;32mI (254) cpu_start: Min chip rev:     v0.0[0m
[0;32mI (259) cpu_start: Max chip rev:     v3.99 [0m
[0;32mI (264) cpu_start: Chip rev:         v3.0[0m
[0;32mI (269) heap_init: Initializing. RAM available for dynamic allocation:[0m
[0;32mI (276) heap_init: At 3FFAE6E0 len 00001920 (6 KiB): DRAM[0m
[0;32mI (282) heap_init: At 3FFB2960 len 0002D6A0 (181 KiB): DRAM[0m
[0;32mI (288) heap_init: At 3FFE0440 len 00003AE0 (14 KiB): D/IRAM[0m
[0;32mI (295) heap_init: At 3FFE4350 len 0001BCB0 (111 KiB): D/IRAM[0m
[0;32mI (301) heap_init: At 4008C04C len 00013FB4 (79 KiB): IRAM[0m
[0;32mI (309) spi_flash: detected chip: generic[0m
[0;32mI (312) spi_flash: flash io: dio[0m
[0;33mW (316) spi_flash: Detected size(4096k) larger than the size in the binary image header(2048k). Using the size in the binary image header.[0m
[0;32mI (329) app_start: Starting scheduler on CPU0[0m
[0;32mI (334) app_start: Starting scheduler on CPU1[0m
[0;32mI (334) main_task: Started on CPU0[0m
[0;32mI (344) main_task: Calling app_main()[0m
Entered app_main
Guru Meditation Error: Core  0 panic'ed (LoadProhibited). Exception was unhandled.

Core  0 register dump:
PC      : 0x400d8824  PS      : 0x00060a30  A0      : 0x800d888e  A1      : 0x3ffb1f50  
A2      : 0x3ffb26ec  A3      : 0x00000034  A4      : 0x3ffb4c20  A5      : 0x0000000c  
A6      : 0x3ffb2934  A7      : 0xb33fffff  A8      : 0x800d8824  A9      : 0x3ffb1f30  
A10     : 0x00000000  A11     : 0x3ffb1f6c  A12     : 0x000000ff  A13     : 0x0000ff00  
A14     : 0x00ff0000  A15     : 0xff000000  SAR     : 0x00000004  EXCCAUSE: 0x0000001c  
EXCVADDR: 0x00000098  LBEG    : 0x400014fd  LEND    : 0x4000150d  LCOUNT  : 0xfffffffc  


Backtrace: 0x400d8821:0x3ffb1f50 0x400d888b:0x3ffb1f90 0x400d51ba:0x3ffb1fb0 0x400e3268:0x3ffb4c60 0x40087c19:0x3ffb4c90




ELF file SHA256: ï¿½

Rebooting...
ets Jul 29 2019 12:21:46

rst:0xc (SW_CPU_RESET),boot:0x13 (SPI_FAST_FLASH_BOOT)
configsip: 0, SPIWP:0xee
clk_drv:0x00,q_drv:0x00,d_drv:0x00,cs0_drv:0x00,hd_drv:0x00,wp_drv:0x00
mode:DIO, clock div:2
load:0x3fff0030,len:7136
load:0x40078000,len:15780
ho 0 tail 12 room 4
load:0x40080400,len:4
load:0x40080404,len:3884
entry 0x40080650
[0;32mI (31) boot: ESP-IDF v5.2-dev-2383-g82cceabc6e-dirty 2nd stage bootloader[0m
[0;32mI (31) boot: compile time Dec  3 2023 11:50:38[0m
[0;32mI (33) boot: Multicore bootloader[0m
[0;32mI (37) boot: chip revision: v3.0[0m
[0;32mI (41) boot.esp32: SPI Speed      : 40MHz[0m
[0;32mI (46) boot.esp32: SPI Mode       : DIO[0m
[0;32mI (50) boot.esp32: SPI Flash Size : 2MB[0m
[0;32mI (55) boot: Enabling RNG early entropy source...[0m
[0;32mI (60) boot: Partition Table:[0m
[0;32mI (64) boot: ## Label            Usage          Type ST Offset   Length[0m
[0;32mI (71) boot:  0 nvs              WiFi data        01 02 00009000 00006000[0m
[0;32mI (79) boot:  1 phy_init         RF data          01 01 0000f000 00001000[0m
[0;32mI (86) boot:  2 factory          factory app      00 00 00010000 00100000[0m
[0;32mI (94) boot: End of partition table[0m
[0;32mI (98) esp_image: segment 0: paddr=00010020 vaddr=3f400020 size=0c28ch ( 49804) map[0m
[0;32mI (124) esp_image: segment 1: paddr=0001c2b4 vaddr=3ffb0000 size=020f0h (  8432) load[0m
[0;32mI (128) esp_image: segment 2: paddr=0001e3ac vaddr=40080000 size=01c6ch (  7276) load[0m
[0;32mI (133) esp_image: segment 3: paddr=00020020 vaddr=400d0020 size=13a68h ( 80488) map[0m
[0;32mI (168) esp_image: segment 4: paddr=00033a90 vaddr=40081c6c size=0a3e0h ( 41952) load[0m
[0;32mI (191) boot: Loaded app from partition at offset 0x10000[0m
[0;32mI (192) boot: Disabling RNG early entropy source...[0m
[0;32mI (203) cpu_start: Multicore app[0m
[0;32mI (203) cpu_start: Pro cpu up.[0m
[0;32mI (203) cpu_start: Starting app cpu, entry point is 0x40081034[0m
[0;32mI (191) cpu_start: App cpu up.[0m
[0;32mI (221) cpu_start: Pro cpu start user code[0m
[0;32mI (222) cpu_start: cpu freq: 160000000 Hz[0m
[0;32mI (222) cpu_start: Application information:[0m
[0;32mI (226) cpu_start: Project name:     robomaster[0m
[0;32mI (232) cpu_start: App version:      1[0m
[0;32mI (236) cpu_start: Compile time:     Dec  3 2023 11:50:30[0m
[0;32mI (242) cpu_start: ELF file SHA256:  e40513cd8...[0m
[0;32mI (247) cpu_start: ESP-IDF:          v5.2-dev-2383-g82cceabc6e-dirty[0m
[0;32mI (254) cpu_start: Min chip rev:     v0.0[0m
[0;32mI (259) cpu_start: Max chip rev:     v3.99 [0m
[0;32mI (264) cpu_start: Chip rev:         v3.0[0m
[0;32mI (269) heap_init: Initializing. RAM available for dynamic allocation:[0m
[0;32mI (276) heap_init: At 3FFAE6E0 len 00001920 (6 KiB): DRAM[0m
[0;32mI (282) heap_init: At 3FFB2960 len 0002D6A0 (181 KiB): DRAM[0m
[0;32mI (288) heap_init: At 3FFE0440 len 00003AE0 (14 KiB): D/IRAM[0m
[0;32mI (295) heap_init: At 3FFE4350 len 0001BCB0 (111 KiB): D/IRAM[0m
[0;32mI (301) heap_init: At 4008C04C len 00013FB4 (79 KiB): IRAM[0m
[0;32mI (309) spi_flash: detected chip: generic[0m
[0;32mI (312) spi_flash: flash io: dio[0m
[0;33mW (316) spi_flash: Detected size(4096k) larger than the size in the binary image header(2048k). Using the size in the binary image header.[0m
[0;32mI (329) app_start: Starting scheduler on CPU0[0m
[0;32mI (334) app_start: Starting scheduler on CPU1[0m
[0;32mI (334) main_task: Started on CPU0[0m
[0;32mI (344) main_task: Calling app_main()[0m
Entered app_main
Guru Meditation Error: Core  0 panic'ed (LoadProhibited). Exception was unhandled.

Core  0 register dump:
PC      : 0x400d8824  PS      : 0x00060a30  A0      : 0x800d888e  A1      : 0x3ffb1f50  
A2      : 0x3ffb26ec  A3      : 0x00000034  A4      : 0x3ffb4c20  A5      : 0x0000000c  
A6      : 0x3ffb2934  A7      : 0xb33fffff  A8      : 0x800d8824  A9      : 0x3ffb1f30  
A10     : 0x00000000  A11     : 0x3ffb1f6c  A12     : 0x000000ff  A13     : 0x0000ff00  
A14     : 0x00ff0000  A15     : 0xff000000  SAR     : 0x00000004  EXCCAUSE: 0x0000001c  
EXCVADDR: 0x00000098  LBEG    : 0x400014fd  LEND    : 0x4000150d  LCOUNT  : 0xfffffffc  


Backtrace: 0x400d8821:0x3ffb1f50 0x400d888b:0x3ffb1f90 0x400d51ba:0x3ffb1fb0 0x400e3268:0x3ffb4c60 0x40087c19:0x3ffb4c90




ELF file SHA256: ï¿½

Rebooting...
ets Jul 29 2019 12:21:46

rst:0xc (SW_CPU_RESET),boot:0x13 (SPI_FAST_FLASH_BOOT)
configsip: 0, SPIWP:0xee
clk_drv:0x00,q_drv:0x00,d_drv:0x00,cs0_drv:0x00,hd_drv:0x00,wp_drv:0x00
mode:DIO, clock div:2
load:0x3fff0030,len:7136
load:0x40078000,len:15780
ho 0 tail 12 room 4
load:0x40080400,len:4
load:0x40080404,len:3884
entry 0x40080650
